// Jest Snapshot v1, https://goo.gl/fbAQLP

exports[`CallbackDetail renders correctly 1`] = `
<div
  className="css-12ot580"
>
  <div
    className=""
  >
    <button
      className="MuiButtonBase-root-27 MuiButton-root-1 MuiButton-outlined-9 callback-btn"
      disabled={false}
      onBlur={[Function]}
      onClick={[Function]}
      onContextMenu={[Function]}
      onFocus={[Function]}
      onKeyDown={[Function]}
      onKeyUp={[Function]}
      onMouseDown={[Function]}
      onMouseLeave={[Function]}
      onMouseUp={[Function]}
      onTouchEnd={[Function]}
      onTouchMove={[Function]}
      onTouchStart={[Function]}
      tabIndex="0"
      type="button"
    >
      <span
        className="MuiButton-label-2"
      >
        <span
          aria-hidden="true"
          className="material-icons MuiIcon-root-30 MuiIcon-fontSizeSmall-37 callback-icon"
        >
          phone_enabled
        </span>
        Set Callback
      </span>
      <span
        className="MuiTouchRipple-root-39"
      />
    </button>
  </div>
</div>
`;
