// Jest Snapshot v1, https://goo.gl/fbAQLP

exports[`CarDealerInformation renders correctly on load 1`] = `
<div
  className="css-qzbvbw"
>
  <div
    className="MuiGrid-container-1"
  >
    <div
      className="MuiGrid-item-2 MuiGrid-grid-xs-12-41 dealer-name"
    >
      MR john
    </div>
    <div
      className="MuiGrid-container-1 MuiGrid-item-2"
    >
      <div
        className="MuiGrid-item-2 MuiGrid-grid-xs-4-33"
      >
        <div
          className="MuiGrid-container-1"
        >
          <div
            className="MuiGrid-item-2 MuiGrid-grid-xs-1-30"
          >
            <svg
              aria-hidden="true"
              className="MuiSvgIcon-root-98 MuiSvgIcon-fontSizeSmall-105 info-icon"
              focusable="false"
              role="presentation"
              viewBox="0 0 24 24"
            >
              <path
                d="M12 2C8.13 2 5 5.13 5 9c0 5.25 7 13 7 13s7-7.75 7-13c0-3.87-3.13-7-7-7zm0 9.5c-1.38 0-2.5-1.12-2.5-2.5s1.12-2.5 2.5-2.5 2.5 1.12 2.5 2.5-1.12 2.5-2.5 2.5z"
              />
              <path
                d="M0 0h24v24H0z"
                fill="none"
              />
            </svg>
          </div>
          <div
            className="MuiGrid-item-2 MuiGrid-grid-xs-11-40 dealer-info dealer-address"
          >
            BREADSTONE
          </div>
        </div>
      </div>
      <div
        className="MuiGrid-item-2 MuiGrid-grid-xs-2-31"
      >
        <div
          className="MuiGrid-container-1"
        >
          <div
            className="MuiGrid-item-2 MuiGrid-grid-xs-2-31"
          >
            <svg
              aria-hidden="true"
              className="MuiSvgIcon-root-98 MuiSvgIcon-fontSizeSmall-105 info-icon"
              focusable="false"
              role="presentation"
              viewBox="0 0 24 24"
            >
              <path
                d="M0 0h24v24H0z"
                fill="none"
              />
              <path
                d="M12 17.27L18.18 21l-1.64-7.03L22 9.24l-7.19-.61L12 2 9.19 8.63 2 9.24l5.46 4.73L5.82 21z"
              />
              <path
                d="M0 0h24v24H0z"
                fill="none"
              />
            </svg>
          </div>
          <div
            className="MuiGrid-item-2 MuiGrid-grid-xs-10-39 dealer-info dealer-rating"
          >
            4
          </div>
        </div>
      </div>
      <div
        className="MuiGrid-item-2 MuiGrid-grid-xs-4-33"
      >
        <div
          className="MuiGrid-container-1"
        >
          <div
            className="MuiGrid-item-2 MuiGrid-grid-xs-1-30"
          >
            <div />
          </div>
          <div
            className="MuiGrid-item-2 MuiGrid-grid-xs-11-40 dealer-info dealer-phone"
          >
            +447700870088
          </div>
        </div>
      </div>
      <div
        className="MuiGrid-item-2 MuiGrid-grid-xs-2-31"
      >
        <div
          className="MuiGrid-container-1"
        >
          <div
            className="MuiGrid-item-2 MuiGrid-grid-xs-2-31"
          >
            <svg
              aria-hidden="true"
              className="MuiSvgIcon-root-98 MuiSvgIcon-fontSizeSmall-105 info-icon"
              focusable="false"
              role="presentation"
              viewBox="0 0 24 24"
            >
              <path
                d="M0 0h24v24H0z"
                fill="none"
              />
              <path
                d="M11.99 2C6.47 2 2 6.48 2 12s4.47 10 9.99 10C17.52 22 22 17.52 22 12S17.52 2 11.99 2zm6.93 6h-2.95c-.32-1.25-.78-2.45-1.38-3.56 1.84.63 3.37 1.91 4.33 3.56zM12 4.04c.83 1.2 1.48 2.53 1.91 3.96h-3.82c.43-1.43 1.08-2.76 1.91-3.96zM4.26 14C4.1 13.36 4 12.69 4 12s.1-1.36.26-2h3.38c-.08.66-.14 1.32-.14 2 0 .68.06 1.34.14 2H4.26zm.82 2h2.95c.32 1.25.78 2.45 1.38 3.56-1.84-.63-3.37-1.9-4.33-3.56zm2.95-8H5.08c.96-1.66 2.49-2.93 4.33-3.56C8.81 5.55 8.35 6.75 8.03 8zM12 19.96c-.83-1.2-1.48-2.53-1.91-3.96h3.82c-.43 1.43-1.08 2.76-1.91 3.96zM14.34 14H9.66c-.09-.66-.16-1.32-.16-2 0-.68.07-1.35.16-2h4.68c.09.65.16 1.32.16 2 0 .68-.07 1.34-.16 2zm.25 5.56c.6-1.11 1.06-2.31 1.38-3.56h2.95c-.96 1.65-2.49 2.93-4.33 3.56zM16.36 14c.08-.66.14-1.32.14-2 0-.68-.06-1.34-.14-2h3.38c.16.64.26 1.31.26 2s-.1 1.36-.26 2h-3.38z"
              />
            </svg>
          </div>
          <div
            className="MuiGrid-item-2 MuiGrid-grid-xs-10-39 dealer-info-url"
          >
            <a
              href="https://namesbee.com/car-dealership-names/"
              target="blank"
            >
              Website
            </a>
          </div>
        </div>
      </div>
    </div>
  </div>
</div>
`;
