// Jest Snapshot v1, https://goo.gl/fbAQLP

exports[`CarSearchResultDetailWrapper renders correctly 1`] = `<div />`;
