// Jest Snapshot v1, https://goo.gl/fbAQLP

exports[`DPAFCA renders correctly on load 1`] = `
<div
  className="css-19v75dd"
>
  <div
    className="MuiGrid-container-1 MuiGrid-spacing-xs-16-24"
  >
    <div
      className="MuiGrid-item-2 MuiGrid-grid-xs-12-41 heading"
    >
      DPA & FCA
    </div>
    <div
      className="MuiGrid-item-2 MuiGrid-grid-xs-12-41 dpafca-title"
    >
      DPA
    </div>
    <div
      className="MuiGrid-item-2 MuiGrid-grid-xs-12-41 address"
    >
      <span
        className="icon"
      >
        <svg
          aria-hidden="true"
          className="MuiSvgIcon-root-98"
          focusable="false"
          role="presentation"
          viewBox="0 0 24 24"
        >
          <path
            d="M10 20v-6h4v6h5v-8h3L12 3 2 12h3v8z"
          />
          <path
            d="M0 0h24v24H0z"
            fill="none"
          />
        </svg>
      </span>
      <span>
        114, Parsley, Parsley-9, 48 Bullwood Rd, ST ARVANS, NP6 8RF
      </span>
    </div>
    <div
      className="MuiGrid-item-2 MuiGrid-grid-xs-12-41 date-of-birth"
    >
      <span
        className="icon"
      >
        <svg
          aria-hidden="true"
          className="MuiSvgIcon-root-98"
          focusable="false"
          role="presentation"
          viewBox="0 0 24 24"
        >
          <path
            d="M0 0h24v24H0z"
            fill="none"
          />
          <path
            d="M12 6c1.11 0 2-.9 2-2 0-.38-.1-.73-.29-1.03L12 0l-1.71 2.97c-.19.3-.29.65-.29 1.03 0 1.1.9 2 2 2zm4.6 9.99l-1.07-1.07-1.08 1.07c-1.3 1.3-3.58 1.31-4.89 0l-1.07-1.07-1.09 1.07C6.75 16.64 5.88 17 4.96 17c-.73 0-1.4-.23-1.96-.61V21c0 .55.45 1 1 1h16c.55 0 1-.45 1-1v-4.61c-.56.38-1.23.61-1.96.61-.92 0-1.79-.36-2.44-1.01zM18 9h-5V7h-2v2H6c-1.66 0-3 1.34-3 3v1.54c0 1.08.88 1.96 1.96 1.96.52 0 1.02-.2 1.38-.57l2.14-2.13 2.13 2.13c.74.74 2.03.74 2.77 0l2.14-2.13 2.13 2.13c.37.37.86.57 1.38.57 1.08 0 1.96-.88 1.96-1.96V12C21 10.34 19.66 9 18 9z"
          />
        </svg>
      </span>
      <span
        className="dob-value"
      >
        16/05/1975
      </span>
    </div>
    <div
      className="MuiGrid-item-2 MuiGrid-grid-xs-12-41 dpafca-title"
    >
      FCA Statement
    </div>
    <div
      className="MuiGrid-item-2 MuiGrid-grid-xs-12-41 fca-note"
    >
      Just to make you aware that all our calls are recorded for training and quality purposes and we are authorised and regulated by the Financial Conduct Authority.
    </div>
  </div>
</div>
`;
