// Jest Snapshot v1, https://goo.gl/fbAQLP

exports[`SavedCarsList renders correctly, if no vehicle found 1`] = `
<div
  className="css-1ma0a9h"
>
  <div
    className="MuiGrid-item-2 MuiGrid-grid-xs-12-41 no-result"
  >
    No cars saved.
  </div>
</div>
`;

exports[`SavedCarsList renders correctly, if vehicle found in search list 1`] = `
<div
  className="css-1ma0a9h"
>
  <div
    className="MuiGrid-item-2 MuiGrid-grid-xs-12-41 result-sort-container"
  >
    <div
      className="MuiGrid-container-1 MuiGrid-align-items-xs-center-9 MuiGrid-justify-xs-space-between-20"
    >
      <div
        className="MuiGrid-item-2 result-text"
      >
        1 result
      </div>
      <div
        className="MuiGrid-item-2"
      >
        <div
          className="MuiFormControl-root-103 MuiFormControl-marginDense-105 MuiFormControl-fullWidth-106 CustomSelectContent-formControl-98"
        >
          <div
            className="MuiInputBase-root-127 MuiOutlinedInput-root-114 MuiInputBase-formControl-128 MuiInputBase-marginDense-134 CustomSelectContent-select-100 "
            onClick={[Function]}
          >
            <fieldset
              aria-hidden={true}
              className="MuiPrivateNotchedOutline-root-144 MuiOutlinedInput-notchedOutline-121"
              style={
                Object {
                  "paddingLeft": 8,
                }
              }
            >
              <legend
                className="MuiPrivateNotchedOutline-legend-145"
                style={
                  Object {
                    "width": 0,
                  }
                }
              >
                <span
                  dangerouslySetInnerHTML={
                    Object {
                      "__html": "&#8203;",
                    }
                  }
                />
              </legend>
            </fieldset>
            <div
              className="MuiSelect-root-107"
            >
              <div
                aria-haspopup="true"
                aria-pressed="false"
                className="MuiSelect-select-108 MuiSelect-selectMenu-111 MuiInputBase-input-137 MuiOutlinedInput-input-122 MuiInputBase-inputMarginDense-138 MuiOutlinedInput-inputMarginDense-123"
                onBlur={[Function]}
                onClick={[Function]}
                onFocus={[Function]}
                onKeyDown={[Function]}
                role="button"
                tabIndex={0}
              >
                Sort by: Price (High to Low)
              </div>
              <input
                type="hidden"
                value={2}
              />
              <svg
                aria-hidden="true"
                className="MuiSvgIcon-root-146 MuiSelect-icon-113"
                focusable="false"
                role="presentation"
                viewBox="0 0 24 24"
              >
                <path
                  d="M7 10l5 5 5-5z"
                />
              </svg>
            </div>
          </div>
        </div>
      </div>
    </div>
  </div>
  <div
    className="MuiGrid-item-2 MuiGrid-grid-xs-12-41"
  >
    <div />
  </div>
</div>
`;
